[enum] swept 360, merged with seed -> 360 authors
[ok] (1/360) 丁谓
[ok] (2/360) 丘崇
[ok] (3/360) 严羽
[ok] (4/360) 令狐楚
[ok] (5/360) 令狐绹
[ok] (6/360) 何大圭
[ok] (7/360) 余靖
[ok] (8/360) 倪称
[ok] (9/360) 元稹
[ok] (10/360) 元结
[ok] (11/360) 冯京
[ok] (12/360) 冯延巳
[ok] (13/360) 刘一止
[ok] (14/360) 刘克庄
[ok] (15/360) 刘勉之
[ok] (16/360) 刘子翚
[ok] (17/360) 刘将孙
[ok] (18/360) 刘得仁
[ok] (19/360) 刘恕
[ok] (20/360) 刘才邵
[ok] (21/360) 刘敞
[ok] (22/360) 刘昺
[ok] (23/360) 刘涣
[ok] (24/360) 刘焘
[ok] (25/360) 刘爚
[ok] (26/360) 刘禹锡
[ok] (27/360) 刘辰翁
[ok] (28/360) 刘过
[ok] (29/360) 刘长卿
[ok] (30/360) 包拯
[ok] (31/360) 卢照邻
[ok] (32/360) 卢祖皋
[ok] (33/360) 叶梦得
[ok] (34/360) 叶适
[ok] (35/360) 司空图
[ok] (36/360) 向子諲
[ok] (37/360) 吕本中
[ok] (38/360) 吕温
[ok] (39/360) 吕祖谦
[ok] (40/360) 吕胜己
[ok] (41/360) 吕陶
[ok] (42/360) 吕颐浩
[ok] (43/360) 吴中复
[ok] (44/360) 吴文英
[ok] (45/360) 吴潜
[ok] (46/360) 吴芾
[ok] (47/360) 吴融
[ok] (48/360) 周密
[ok] (49/360) 周必大
[ok] (50/360) 周敦颐
[ok] (51/360) 周葵
[ok] (52/360) 周贺
[ok] (53/360) 周邦彦
[ok] (54/360) 唐仲友
[ok] (55/360) 唐庚
[ok] (56/360) 唐彦谦
[ok] (57/360) 喻凫
[ok] (58/360) 夏竦
[ok] (59/360) 姚勉
[ok] (60/360) 姚合
[ok] (61/360) 姜夔
[ok] (62/360) 孔平仲
[ok] (63/360) 孔文仲
[ok] (64/360) 孔武仲
[ok] (65/360) 孙觉
[ok] (66/360) 孙觌
[ok] (67/360) 孟浩然
[ok] (68/360) 孟郊
[ok] (69/360) 宇文虚中
[ok] (70/360) 宋之问
[ok] (71/360) 宋庠
[ok] (72/360) 宋敏求
[ok] (73/360) 宋白
[ok] (74/360) 宋祁
[ok] (75/360) 宗泽
[ok] (76/360) 寇准
[ok] (77/360) 富弼
[ok] (78/360) 尤袤
[ok] (79/360) 尹洙
[ok] (80/360) 尹焞
[ok] (81/360) 岑参
[ok] (82/360) 岳珂
[ok] (83/360) 岳飞
[ok] (84/360) 崔与之
[ok] (85/360) 崔涂
[ok] (86/360) 崔融
[ok] (87/360) 度正
[ok] (88/360) 张九成
[ok] (89/360) 张九龄
[ok] (90/360) 张元干
[ok] (91/360) 张先
[ok] (92/360) 张孝祥
[ok] (93/360) 张守
[ok] (94/360) 张彻
[ok] (95/360) 张方平
[ok] (96/360) 张昪
[ok] (97/360) 张栻
[ok] (98/360) 张炎
[ok] (99/360) 张籍
[ok] (100/360) 张耒
[ok] (101/360) 张说
[ok] (102/360) 张载
[ok] (103/360) 徐俯
[ok] (104/360) 徐梦莘
[ok] (105/360) 徐积
[ok] (106/360) 徐铉
[ok] (107/360) 徐鹿卿
[ok] (108/360) 惠洪
[ok] (109/360) 戴复古
[ok] (110/360) 扬无咎
[ok] (111/360) 文天祥
[ok] (112/360) 文彦博
[ok] (113/360) 方岳
[ok] (114/360) 方干
[ok] (115/360) 施元之
[ok] (116/360) 施宿
[ok] (117/360) 无可
[ok] (118/360) 晁公武
[ok] (119/360) 晁冲之
[ok] (120/360) 晁宗悫
[ok] (121/360) 晁端彦
[ok] (122/360) 晁端礼
[ok] (123/360) 晁补之
[ok] (124/360) 晁说之
[ok] (125/360) 晁迥
[ok] (126/360) 晏几道
[ok] (127/360) 晏殊
[ok] (128/360) 曹组
[ok] (129/360) 曾公亮
[ok] (130/360) 曾几
[ok] (131/360) 曾协
[ok] (132/360) 曾巩
[ok] (133/360) 曾惇
[ok] (134/360) 曾慥
[ok] (135/360) 曾肇
[ok] (136/360) 朱敦儒
[ok] (137/360) 朱松
[ok] (138/360) 朱熹
[ok] (139/360) 权德舆
[ok] (140/360) 李侗
[ok] (141/360) 李光
[ok] (142/360) 李商隐
[ok] (143/360) 李埴
[ok] (144/360) 李壁
[ok] (145/360) 李处全
[ok] (146/360) 李如圭
[ok] (147/360) 李峤
[ok] (148/360) 李弥逊
[ok] (149/360) 李德裕
[ok] (150/360) 李昉
[ok] (151/360) 李昴英
[ok] (152/360) 李曾伯
[ok] (153/360) 李正民
[ok] (154/360) 李清照
[ok] (155/360) 李渊
[ok] (156/360) 李焘
[ok] (157/360) 李煜
[ok] (158/360) 李璟
[ok] (160/360) 李纲
[ok] (161/360) 李绅
[ok] (162/360) 李翱
[ok] (163/360) 李觏
[ok] (164/360) 李贺
[ok] (165/360) 李频
[ok] (166/360) 杜审言
[ok] (167/360) 杜牧
[ok] (168/360) 杜甫
[ok] (169/360) 杜范
[ok] (170/360) 杜荀鹤
[ok] (171/360) 杨万里
[ok] (172/360) 杨亿
[ok] (173/360) 杨凝式
[ok] (174/360) 杨时
[ok] (175/360) 杨炯
[ok] (176/360) 杨简
[ok] (177/360) 杨绘
[ok] (178/360) 杨缵
[ok] (179/360) 林景熙
[ok] (180/360) 林逋
[ok] (181/360) 柳宗元
[ok] (182/360) 柳开
[ok] (183/360) 柳永
[ok] (184/360) 梅尧臣
[ok] (185/360) 欧阳修
[ok] (186/360) 武元衡
[ok] (187/360) 段成式
[ok] (188/360) 江万里
[ok] (189/360) 江端友
[ok] (190/360) 汪元量
[ok] (191/360) 汪藻
[ok] (192/360) 沈与求
[ok] (193/360) 沈佺期
[ok] (194/360) 沈括
[ok] (195/360) 沈瀛
[ok] (196/360) 沈焕
[ok] (197/360) 沈端节
[ok] (198/360) 洪皓
[ok] (199/360) 洪迈
[ok] (200/360) 洪适
[ok] (201/360) 洪遵
[ok] (202/360) 温庭筠
[ok] (203/360) 游酢
[ok] (204/360) 潘良贵
[ok] (205/360) 潘阆
[ok] (206/360) 牛僧孺
[ok] (207/360) 独孤及
[ok] (208/360) 王之望
[ok] (209/360) 王之涣
[ok] (210/360) 王令
[ok] (211/360) 王以宁
[ok] (212/360) 王仲甫
[ok] (213/360) 王勃
[ok] (214/360) 王十朋
[ok] (215/360) 王安石
[ok] (216/360) 王应麟
[ok] (217/360) 王庭珪
[ok] (218/360) 王建
[ok] (219/360) 王昌龄
[ok] (220/360) 王明清
[ok] (221/360) 王沂孙
[ok] (222/360) 王灼
[ok] (223/360) 王炎
[ok] (224/360) 王禹偁
[ok] (225/360) 王绩
[ok] (226/360) 王维
[ok] (227/360) 王观
[ok] (228/360) 王质
[ok] (229/360) 王迈
[ok] (230/360) 王遂
[ok] (231/360) 王铚
[ok] (232/360) 王阮
[ok] (233/360) 王韶
[ok] (234/360) 田锡
[ok] (235/360) 白居易
[ok] (236/360) 皇甫湜
[ok] (237/360) 皮日休
[ok] (238/360) 石介
[ok] (239/360) 秦桧
[ok] (240/360) 秦观
[ok] (241/360) 程俱
[ok] (242/360) 程颐
[ok] (243/360) 程颢
[ok] (244/360) 章楶
[ok] (245/360) 管鉴
[ok] (246/360) 米芾
[ok] (247/360) 綦崇礼
[ok] (248/360) 罗从彦
[ok] (249/360) 罗隐
[ok] (250/360) 胡仔
[ok] (251/360) 胡则
[ok] (252/360) 胡宪
[ok] (253/360) 胡瑗
[ok] (254/360) 胡舜陟
[ok] (255/360) 胡铨
[ok] (256/360) 舒岳祥
[ok] (257/360) 苏味道
[ok] (258/360) 苏庠
[ok] (259/360) 苏洵
[ok] (260/360) 苏籀
[ok] (261/360) 苏舜钦
[ok] (262/360) 苏轼
[ok] (263/360) 苏辙
[ok] (264/360) 苏过
[ok] (265/360) 苏颂
[ok] (266/360) 苏颋
[ok] (267/360) 范仲淹
[ok] (268/360) 范寥
[ok] (269/360) 范成大
[ok] (270/360) 范浚
[ok] (271/360) 范端臣
[ok] (272/360) 萧德藻
[ok] (273/360) 萧颖士
[ok] (274/360) 葛立方
[ok] (275/360) 葛胜仲
[ok] (276/360) 蒋捷
[ok] (277/360) 蔡京
[ok] (278/360) 蔡伸
[ok] (279/360) 蔡攸
[ok] (280/360) 蔡襄
[ok] (281/360) 薛季宣
[ok] (282/360) 薛能
[ok] (283/360) 袁枢
[ok] (284/360) 袁说友
[ok] (285/360) 许棐
[ok] (286/360) 许浑
[ok] (287/360) 谢枋得
[ok] (288/360) 谢翱
[ok] (289/360) 谢薖
[ok] (290/360) 谢逸
[ok] (291/360) 贯休
[ok] (292/360) 贺铸
[ok] (293/360) 贾岛
[ok] (294/360) 赵以夫
[ok] (295/360) 赵抃
[ok] (296/360) 赵鼎
[ok] (297/360) 辛弃疾
[ok] (298/360) 邓肃
[ok] (299/360) 邹浩
[ok] (300/360) 郑伯熊
[ok] (301/360) 郑兴裔
[ok] (302/360) 郑刚中
[ok] (303/360) 郑巢
[ok] (304/360) 郑獬
[ok] (305/360) 郑谷
[ok] (306/360) 释仲殊
[ok] (307/360) 释保暹
[ok] (308/360) 释宇昭
[ok] (309/360) 释宗杲
[ok] (310/360) 释希昼
[ok] (311/360) 释惟凤
[ok] (312/360) 释惠崇
[ok] (313/360) 释文兆
[ok] (314/360) 释知礼
[ok] (315/360) 释简长
[ok] (316/360) 释行肇
[ok] (317/360) 钱起
[ok] (318/360) 阳枋
[ok] (319/360) 陆九渊
[ok] (320/360) 陆游
[ok] (321/360) 陆秀夫
[ok] (322/360) 陆龟蒙
[ok] (323/360) 陈与义
[ok] (324/360) 陈亮
[ok] (325/360) 陈人杰
[ok] (326/360) 陈傅良
[ok] (327/360) 陈子昂
[ok] (328/360) 陈孺
[ok] (329/360) 陈师道
[ok] (330/360) 陈康伯
[ok] (331/360) 陈瓘
[ok] (332/360) 陈襄
[ok] (333/360) 雍陶
[ok] (334/360) 韦庄
[ok] (335/360) 韦应物
[ok] (336/360) 韩世忠
[ok] (337/360) 韩偓
[ok] (338/360) 韩元吉
[ok] (339/360) 韩愈
[ok] (340/360) 韩琦
[ok] (341/360) 韩绛
[ok] (342/360) 韩维
[ok] (343/360) 项斯
[ok] (344/360) 顾非熊
[ok] (345/360) 颜真卿
[ok] (346/360) 马廷鸾
[ok] (347/360) 马端临
[ok] (348/360) 骆宾王
[ok] (349/360) 高适
[ok] (350/360) 魏了翁
[ok] (351/360) 魏征
[ok] (352/360) 魏野
[ok] (353/360) 鱼玄机
[ok] (354/360) 黄公度
[ok] (355/360) 黄大临
[ok] (356/360) 黄庭坚
[ok] (357/360) 黄昇
[ok] (358/360) 黄榦
[ok] (359/360) 黄次山
[ok] (360/360) 黄滔
done; failed: []
